[2026-05-14 08:43:21] [DEBUG] 8
[2026-05-26 08:27:13] [DEBUG] 3
[2026-05-26 08:34:19] [DEBUG] 4
[2026-05-26 09:14:27] [DEBUG] 6
[2026-05-26 09:18:22] [DEBUG] 5
[2026-05-26 09:19:22] [ERROR] Errore estrazione rassegna: SQLSTATE[42S02]: Base table or view not found: 1146 Table 'cinema_newspaper.press_reviews' doesn't exist
[2026-05-26 09:19:23] [ERROR] Errore estrazione rassegna: SQLSTATE[42S02]: Base table or view not found: 1146 Table 'cinema_newspaper.press_reviews' doesn't exist
[2026-05-26 09:19:23] [ERROR] Errore estrazione rassegna: SQLSTATE[42S02]: Base table or view not found: 1146 Table 'cinema_newspaper.press_reviews' doesn't exist
[2026-05-26 09:19:23] [ERROR] Errore estrazione rassegna: SQLSTATE[42S02]: Base table or view not found: 1146 Table 'cinema_newspaper.press_reviews' doesn't exist
[2026-05-26 09:19:23] [ERROR] Errore estrazione rassegna: SQLSTATE[42S02]: Base table or view not found: 1146 Table 'cinema_newspaper.press_reviews' doesn't exist
[2026-05-26 09:19:26] [ERROR] Errore estrazione rassegna: SQLSTATE[42S02]: Base table or view not found: 1146 Table 'cinema_newspaper.press_reviews' doesn't exist
[2026-05-26 09:20:37] [ERROR] Errore estrazione rassegna: SQLSTATE[42S02]: Base table or view not found: 1146 Table 'cinema_newspaper.press_reviews' doesn't exist
[2026-05-26 09:20:38] [ERROR] Errore estrazione rassegna: SQLSTATE[42S02]: Base table or view not found: 1146 Table 'cinema_newspaper.press_reviews' doesn't exist
[2026-05-26 09:20:39] [ERROR] Errore estrazione rassegna: SQLSTATE[42S02]: Base table or view not found: 1146 Table 'cinema_newspaper.press_reviews' doesn't exist
[2026-05-26 09:20:39] [ERROR] Errore estrazione rassegna: SQLSTATE[42S02]: Base table or view not found: 1146 Table 'cinema_newspaper.press_reviews' doesn't exist
[2026-05-26 09:20:40] [ERROR] Errore estrazione rassegna: SQLSTATE[42S02]: Base table or view not found: 1146 Table 'cinema_newspaper.press_reviews' doesn't exist
[2026-05-26 09:21:12] [ERROR] Errore estrazione rassegna: SQLSTATE[42S02]: Base table or view not found: 1146 Table 'cinema_newspaper.press_reviews' doesn't exist
[2026-05-26 09:21:12] [ERROR] Errore estrazione rassegna: SQLSTATE[42S02]: Base table or view not found: 1146 Table 'cinema_newspaper.press_reviews' doesn't exist
[2026-05-26 09:21:12] [ERROR] Errore estrazione rassegna: SQLSTATE[42S02]: Base table or view not found: 1146 Table 'cinema_newspaper.press_reviews' doesn't exist
[2026-05-26 09:21:13] [ERROR] Errore estrazione rassegna: SQLSTATE[42S02]: Base table or view not found: 1146 Table 'cinema_newspaper.press_reviews' doesn't exist
[2026-05-26 09:21:13] [ERROR] Errore estrazione rassegna: SQLSTATE[42S02]: Base table or view not found: 1146 Table 'cinema_newspaper.press_reviews' doesn't exist
[2026-05-26 09:21:53] [ERROR] Errore estrazione rassegna: SQLSTATE[42S02]: Base table or view not found: 1146 Table 'cinema_newspaper.press_reviews' doesn't exist
[2026-05-26 09:21:54] [ERROR] Errore estrazione rassegna: SQLSTATE[42S02]: Base table or view not found: 1146 Table 'cinema_newspaper.press_reviews' doesn't exist
[2026-05-26 09:21:54] [ERROR] Errore estrazione rassegna: SQLSTATE[42S02]: Base table or view not found: 1146 Table 'cinema_newspaper.press_reviews' doesn't exist
[2026-05-26 09:21:55] [ERROR] Errore estrazione rassegna: SQLSTATE[42S02]: Base table or view not found: 1146 Table 'cinema_newspaper.press_reviews' doesn't exist
[2026-05-26 09:21:55] [ERROR] Errore estrazione rassegna: SQLSTATE[42S02]: Base table or view not found: 1146 Table 'cinema_newspaper.press_reviews' doesn't exist
[2026-05-26 09:21:55] [ERROR] Errore estrazione rassegna: SQLSTATE[42S02]: Base table or view not found: 1146 Table 'cinema_newspaper.press_reviews' doesn't exist
[2026-05-26 09:21:55] [ERROR] Errore estrazione rassegna: SQLSTATE[42S02]: Base table or view not found: 1146 Table 'cinema_newspaper.press_reviews' doesn't exist
[2026-05-26 09:21:55] [ERROR] Errore estrazione rassegna: SQLSTATE[42S02]: Base table or view not found: 1146 Table 'cinema_newspaper.press_reviews' doesn't exist
[2026-05-26 09:21:56] [ERROR] Errore estrazione rassegna: SQLSTATE[42S02]: Base table or view not found: 1146 Table 'cinema_newspaper.press_reviews' doesn't exist
[2026-05-26 09:24:30] [ERROR] Errore estrazione rassegna: SQLSTATE[42S02]: Base table or view not found: 1146 Table 'cinema_newspaper.press_reviews' doesn't exist
[2026-05-26 09:24:32] [ERROR] Errore estrazione rassegna: SQLSTATE[42S02]: Base table or view not found: 1146 Table 'cinema_newspaper.press_reviews' doesn't exist
[2026-05-26 09:24:32] [ERROR] Errore estrazione rassegna: SQLSTATE[42S02]: Base table or view not found: 1146 Table 'cinema_newspaper.press_reviews' doesn't exist
[2026-05-26 09:24:33] [ERROR] Errore estrazione rassegna: SQLSTATE[42S02]: Base table or view not found: 1146 Table 'cinema_newspaper.press_reviews' doesn't exist
[2026-05-26 09:24:33] [ERROR] Errore estrazione rassegna: SQLSTATE[42S02]: Base table or view not found: 1146 Table 'cinema_newspaper.press_reviews' doesn't exist
[2026-05-26 09:24:33] [ERROR] Errore estrazione rassegna: SQLSTATE[42S02]: Base table or view not found: 1146 Table 'cinema_newspaper.press_reviews' doesn't exist
[2026-05-26 09:25:12] [ERROR] Errore estrazione rassegna: SQLSTATE[42S02]: Base table or view not found: 1146 Table 'cinema_newspaper.press_reviews' doesn't exist
[2026-05-26 09:27:42] [ERROR] Errore estrazione rassegna: SQLSTATE[42S02]: Base table or view not found: 1146 Table 'cinema_newspaper.press_reviews' doesn't exist
[2026-05-26 09:27:45] [ERROR] Errore estrazione rassegna: SQLSTATE[42S02]: Base table or view not found: 1146 Table 'cinema_newspaper.press_reviews' doesn't exist
[2026-05-26 09:27:46] [ERROR] Errore estrazione rassegna: SQLSTATE[42S02]: Base table or view not found: 1146 Table 'cinema_newspaper.press_reviews' doesn't exist
[2026-05-26 09:27:46] [ERROR] Errore estrazione rassegna: SQLSTATE[42S02]: Base table or view not found: 1146 Table 'cinema_newspaper.press_reviews' doesn't exist
[2026-05-26 09:27:46] [ERROR] Errore estrazione rassegna: SQLSTATE[42S02]: Base table or view not found: 1146 Table 'cinema_newspaper.press_reviews' doesn't exist
[2026-05-26 09:27:46] [ERROR] Errore estrazione rassegna: SQLSTATE[42S02]: Base table or view not found: 1146 Table 'cinema_newspaper.press_reviews' doesn't exist
[2026-05-26 09:29:09] [ERROR] Errore estrazione rassegna: SQLSTATE[42S02]: Base table or view not found: 1146 Table 'cinema_newspaper.press_reviews' doesn't exist
[2026-05-26 09:29:09] [ERROR] Errore estrazione rassegna: SQLSTATE[42S02]: Base table or view not found: 1146 Table 'cinema_newspaper.press_reviews' doesn't exist
[2026-05-26 09:29:09] [ERROR] Errore estrazione rassegna: SQLSTATE[42S02]: Base table or view not found: 1146 Table 'cinema_newspaper.press_reviews' doesn't exist
[2026-05-26 09:29:14] [ERROR] Errore estrazione rassegna: SQLSTATE[42S02]: Base table or view not found: 1146 Table 'cinema_newspaper.press_reviews' doesn't exist
[2026-05-26 09:29:39] [ERROR] Errore estrazione rassegna: SQLSTATE[42S02]: Base table or view not found: 1146 Table 'cinema_newspaper.press_reviews' doesn't exist
[2026-05-26 09:29:40] [ERROR] Errore estrazione rassegna: SQLSTATE[42S02]: Base table or view not found: 1146 Table 'cinema_newspaper.press_reviews' doesn't exist
[2026-05-26 09:29:44] [ERROR] Errore estrazione rassegna: SQLSTATE[42S02]: Base table or view not found: 1146 Table 'cinema_newspaper.press_reviews' doesn't exist
[2026-05-26 09:30:11] [ERROR] Errore estrazione rassegna: SQLSTATE[42S02]: Base table or view not found: 1146 Table 'cinema_newspaper.press_reviews' doesn't exist
[2026-05-26 09:30:11] [ERROR] Errore estrazione rassegna: SQLSTATE[42S02]: Base table or view not found: 1146 Table 'cinema_newspaper.press_reviews' doesn't exist
[2026-05-26 09:30:14] [ERROR] Errore estrazione rassegna: SQLSTATE[42S02]: Base table or view not found: 1146 Table 'cinema_newspaper.press_reviews' doesn't exist
[2026-05-26 09:31:12] [ERROR] Errore estrazione rassegna: SQLSTATE[42S02]: Base table or view not found: 1146 Table 'cinema_newspaper.press_reviews' doesn't exist
[2026-05-26 09:31:15] [ERROR] Errore estrazione rassegna: SQLSTATE[42S02]: Base table or view not found: 1146 Table 'cinema_newspaper.press_reviews' doesn't exist
[2026-05-26 09:31:22] [ERROR] Errore estrazione rassegna: SQLSTATE[42S02]: Base table or view not found: 1146 Table 'cinema_newspaper.press_reviews' doesn't exist
[2026-05-26 10:13:06] [DEBUG] 10
[2026-05-26 10:15:55] [DEBUG] 11
[2026-05-26 10:19:34] [DEBUG] 12
[2026-05-26 10:27:59] [DEBUG] 13
[2026-05-26 10:36:44] [DEBUG] 14
[2026-05-26 10:36:46] [DEBUG] 15
[2026-05-26 11:14:37] [ERROR] Errore estrazione articoli: SQLSTATE[HY000]: General error: 2006 MySQL server has gone away
[2026-05-27 11:46:50] [DEBUG] 20
[2026-05-27 12:03:53] [DEBUG] 25
[2026-05-27 12:06:50] [DEBUG] 26
[2026-05-27 12:32:55] [DEBUG] 27
[2026-05-27 12:57:03] [ERROR] Errore estrazione articoli: SQLSTATE[HY000]: General error: 2006 MySQL server has gone away
[2026-05-27 12:57:22] [ERROR] Errore estrazione articoli: SQLSTATE[HY000]: General error: 2006 MySQL server has gone away
[2026-05-27 18:13:54] [DEBUG] 34
[2026-05-27 18:17:09] [ERROR] Errore recupero per form: SQLSTATE[HY000]: General error: 2006 MySQL server has gone away
[2026-05-27 18:17:14] [ERROR] Errore recupero per form: SQLSTATE[HY000]: General error: 2006 MySQL server has gone away
[2026-05-27 19:40:44] [DEBUG] 41
[2026-05-27 19:40:46] [DEBUG] 44
[2026-05-27 19:40:54] [DEBUG] 45
[2026-05-27 21:09:12] [DEBUG] 42
[2026-05-27 21:09:44] [DEBUG] 50
[2026-05-27 21:09:50] [DEBUG] 51
[2026-05-28 08:16:05] [ERROR] Errore inserimento creaHome: SQLSTATE[HY000]: General error: 2006 MySQL server has gone away
[2026-05-28 08:16:52] [ERROR] Errore inserimento creaHome: SQLSTATE[08S01]: Communication link failure: 1153 Got a packet bigger than 'max_allowed_packet' bytes
